Archive member included to satisfy reference by file (symbol)

d:/program files (x86)/gnu tools arm embedded/5.4 2016q2/bin/../lib/gcc/arm-none-eabi/5.4.1/../../../../arm-none-eabi/lib/armv7-m\libg_nano.a(lib_a-errno.o)
                              newlib\_sbrk.o (__errno)
d:/program files (x86)/gnu tools arm embedded/5.4 2016q2/bin/../lib/gcc/arm-none-eabi/5.4.1/../../../../arm-none-eabi/lib/armv7-m\libg_nano.a(lib_a-exit.o)
                              d:/program files (x86)/gnu tools arm embedded/5.4 2016q2/bin/../lib/gcc/arm-none-eabi/5.4.1/../../../../arm-none-eabi/lib/armv7-m/crt0.o (exit)
d:/program files (x86)/gnu tools arm embedded/5.4 2016q2/bin/../lib/gcc/arm-none-eabi/5.4.1/../../../../arm-none-eabi/lib/armv7-m\libg_nano.a(lib_a-impure.o)
                              d:/program files (x86)/gnu tools arm embedded/5.4 2016q2/bin/../lib/gcc/arm-none-eabi/5.4.1/../../../../arm-none-eabi/lib/armv7-m\libg_nano.a(lib_a-exit.o) (_global_impure_ptr)
d:/program files (x86)/gnu tools arm embedded/5.4 2016q2/bin/../lib/gcc/arm-none-eabi/5.4.1/../../../../arm-none-eabi/lib/armv7-m\libg_nano.a(lib_a-init.o)
                              d:/program files (x86)/gnu tools arm embedded/5.4 2016q2/bin/../lib/gcc/arm-none-eabi/5.4.1/../../../../arm-none-eabi/lib/armv7-m/crt0.o (__libc_init_array)
d:/program files (x86)/gnu tools arm embedded/5.4 2016q2/bin/../lib/gcc/arm-none-eabi/5.4.1/../../../../arm-none-eabi/lib/armv7-m\libg_nano.a(lib_a-memset.o)
                              d:/program files (x86)/gnu tools arm embedded/5.4 2016q2/bin/../lib/gcc/arm-none-eabi/5.4.1/../../../../arm-none-eabi/lib/armv7-m/crt0.o (memset)

Allocating common symbols
Common symbol       size              file

OSTmrFreeList       0x4               ucos_ii\uCOS-II\Source\os_core.o
OSTmrWheelTbl       0x40              ucos_ii\uCOS-II\Source\os_core.o
OSLockNesting       0x1               ucos_ii\uCOS-II\Source\os_core.o
OSTmrSemSignal      0x4               ucos_ii\uCOS-II\Source\os_core.o
OSTaskRegNextAvailID
                    0x1               ucos_ii\uCOS-II\Source\os_core.o
OSRunning           0x1               ucos_ii\uCOS-II\Source\os_core.o
START_TASK_STK      0x200             user\main.o
OSIdleCtr           0x4               ucos_ii\uCOS-II\Source\os_core.o
OSTmrUsed           0x2               ucos_ii\uCOS-II\Source\os_core.o
OSPrioHighRdy       0x1               ucos_ii\uCOS-II\Source\os_core.o
errno               0x4               newlib\_syscalls.o
OSFlagTbl           0x50              ucos_ii\uCOS-II\Source\os_core.o
OSTmrTbl            0x280             ucos_ii\uCOS-II\Source\os_core.o
OSPrioCur           0x1               ucos_ii\uCOS-II\Source\os_core.o
Math_RandSeedCur    0x4               ucos_ii\uC-LIB\lib_math.o
OSTCBList           0x4               ucos_ii\uCOS-II\Source\os_core.o
OSMemTbl            0x78              ucos_ii\uCOS-II\Source\os_core.o
OSTickStepState     0x1               ucos_ii\uCOS-II\Source\os_core.o
OSTaskStatStk       0x200             ucos_ii\uCOS-II\Source\os_core.o
OSCtxSwCtr          0x4               ucos_ii\uCOS-II\Source\os_core.o
OSTmrFree           0x2               ucos_ii\uCOS-II\Source\os_core.o
OSIdleCtrMax        0x4               ucos_ii\uCOS-II\Source\os_core.o
Mem_PoolHeap        0x48              ucos_ii\uC-LIB\lib_mem.o
OSTCBFreeList       0x4               ucos_ii\uCOS-II\Source\os_core.o
OS_CPU_ExceptStkBase
                    0x4               ucos_ii\uCOS-II\Ports\ARM-Cortex-M3\Generic\GNU\os_cpu_c.o
OSCPUUsage          0x1               ucos_ii\uCOS-II\Source\os_core.o
OSTaskCtr           0x1               ucos_ii\uCOS-II\Source\os_core.o
OSMemFreeList       0x4               ucos_ii\uCOS-II\Source\os_core.o
OSQTbl              0x60              ucos_ii\uCOS-II\Source\os_core.o
OSTCBHighRdy        0x4               ucos_ii\uCOS-II\Source\os_core.o
OSQFreeList         0x4               ucos_ii\uCOS-II\Source\os_core.o
Mem_Heap            0x6c00            ucos_ii\uC-LIB\lib_mem.o
OSRdyGrp            0x1               ucos_ii\uCOS-II\Source\os_core.o
OSRdyTbl            0x8               ucos_ii\uCOS-II\Source\os_core.o
OSTmrTaskStk        0x200             ucos_ii\uCOS-II\Source\os_core.o
Mem_PoolTbl         0x4               ucos_ii\uC-LIB\lib_mem.o
OSEventFreeList     0x4               ucos_ii\uCOS-II\Source\os_core.o
OS_CPU_ExceptStk    0x200             ucos_ii\uCOS-II\Ports\ARM-Cortex-M3\Generic\GNU\os_cpu_c.o
OSIntNesting        0x1               ucos_ii\uCOS-II\Source\os_core.o
OSTCBCur            0x4               ucos_ii\uCOS-II\Source\os_core.o
OSTmrTime           0x4               ucos_ii\uCOS-II\Source\os_core.o
OSTime              0x4               ucos_ii\uCOS-II\Source\os_core.o
OSTmrSem            0x4               ucos_ii\uCOS-II\Source\os_core.o
OSTaskIdleStk       0x200             ucos_ii\uCOS-II\Source\os_core.o
OSEventTbl          0x1068            ucos_ii\uCOS-II\Source\os_core.o
[...]
Memory Configuration

Name             Origin             Length             Attributes
FLASH            0x08000000         0x00040000         xr
RAM              0x20000000         0x0000c000         xrw
MEMORY_B1        0x60000000         0x00000000         xr
*default*        0x00000000         0xffffffff

Linker script and memory map

LOAD d:/program files (x86)/gnu tools arm embedded/5.4 2016q2/bin/../lib/gcc/arm-none-eabi/5.4.1/armv7-m/crti.o
LOAD d:/program files (x86)/gnu tools arm embedded/5.4 2016q2/bin/../lib/gcc/arm-none-eabi/5.4.1/armv7-m/crtbegin.o
LOAD d:/program files (x86)/gnu tools arm embedded/5.4 2016q2/bin/../lib/gcc/arm-none-eabi/5.4.1/../../../../arm-none-eabi/lib/armv7-m/crt0.o
LOAD cmsis\core_cm3.o
LOAD cmsis\system_stm32f10x.o
LOAD lib\src\misc.o
LOAD lib\src\stm32f10x_adc.o
LOAD lib\src\stm32f10x_bkp.o
LOAD lib\src\stm32f10x_can.o
LOAD lib\src\stm32f10x_cec.o
LOAD lib\src\stm32f10x_crc.o
LOAD lib\src\stm32f10x_dac.o
LOAD lib\src\stm32f10x_dbgmcu.o
LOAD lib\src\stm32f10x_dma.o
LOAD lib\src\stm32f10x_exti.o
LOAD lib\src\stm32f10x_flash.o
LOAD lib\src\stm32f10x_fsmc.o
LOAD lib\src\stm32f10x_gpio.o
LOAD lib\src\stm32f10x_i2c.o
LOAD lib\src\stm32f10x_iwdg.o
LOAD lib\src\stm32f10x_pwr.o
LOAD lib\src\stm32f10x_rcc.o
LOAD lib\src\stm32f10x_rtc.o
LOAD lib\src\stm32f10x_sdio.o
LOAD lib\src\stm32f10x_spi.o
LOAD lib\src\stm32f10x_tim.o
LOAD lib\src\stm32f10x_usart.o
LOAD lib\src\stm32f10x_wwdg.o
LOAD newlib\_exit.o
LOAD newlib\_sbrk.o
LOAD newlib\_startup.o
LOAD newlib\_syscalls.o
LOAD newlib\assert.o
LOAD start\startup_stm32f10x_hd.o
LOAD ucos_ii\uC-CFG\app_hooks.o
LOAD ucos_ii\uC-CPU\ARM-Cortex-M3\GNU\cpu_a.o
LOAD ucos_ii\uC-CPU\ARM-Cortex-M3\GNU\cpu_c.o
LOAD ucos_ii\uC-CPU\cpu_core.o
LOAD ucos_ii\uC-LIB\Ports\ARM-Cortex-M3\GNU\lib_mem_a.o
LOAD ucos_ii\uC-LIB\lib_ascii.o
LOAD ucos_ii\uC-LIB\lib_math.o
LOAD ucos_ii\uC-LIB\lib_mem.o
LOAD ucos_ii\uC-LIB\lib_str.o
LOAD ucos_ii\uCOS-II\Ports\ARM-Cortex-M3\Generic\GNU\os_cpu_a.o
LOAD ucos_ii\uCOS-II\Ports\ARM-Cortex-M3\Generic\GNU\os_cpu_c.o
LOAD ucos_ii\uCOS-II\Ports\ARM-Cortex-M3\Generic\GNU\os_dbg.o
LOAD ucos_ii\uCOS-II\Source\os_core.o
LOAD ucos_ii\uCOS-II\Source\os_flag.o
LOAD ucos_ii\uCOS-II\Source\os_mbox.o
LOAD ucos_ii\uCOS-II\Source\os_mem.o
LOAD ucos_ii\uCOS-II\Source\os_mutex.o
LOAD ucos_ii\uCOS-II\Source\os_q.o
LOAD ucos_ii\uCOS-II\Source\os_sem.o
LOAD ucos_ii\uCOS-II\Source\os_task.o
LOAD ucos_ii\uCOS-II\Source\os_time.o
LOAD ucos_ii\uCOS-II\Source\os_tmr.o
LOAD user\led.o
LOAD user\main.o
LOAD user\stm32f10x_it.o
START GROUP
LOAD d:/program files (x86)/gnu tools arm embedded/5.4 2016q2/bin/../lib/gcc/arm-none-eabi/5.4.1/armv7-m\libgcc.a
LOAD d:/program files (x86)/gnu tools arm embedded/5.4 2016q2/bin/../lib/gcc/arm-none-eabi/5.4.1/../../../../arm-none-eabi/lib/armv7-m\libg_nano.a
LOAD d:/program files (x86)/gnu tools arm embedded/5.4 2016q2/bin/../lib/gcc/arm-none-eabi/5.4.1/../../../../arm-none-eabi/lib/armv7-m\libc_nano.a
END GROUP
START GROUP
LOAD d:/program files (x86)/gnu tools arm embedded/5.4 2016q2/bin/../lib/gcc/arm-none-eabi/5.4.1/armv7-m\libgcc.a
LOAD d:/program files (x86)/gnu tools arm embedded/5.4 2016q2/bin/../lib/gcc/arm-none-eabi/5.4.1/../../../../arm-none-eabi/lib/armv7-m\libc_nano.a
END GROUP
LOAD d:/program files (x86)/gnu tools arm embedded/5.4 2016q2/bin/../lib/gcc/arm-none-eabi/5.4.1/armv7-m/crtend.o
LOAD d:/program files (x86)/gnu tools arm embedded/5.4 2016q2/bin/../lib/gcc/arm-none-eabi/5.4.1/armv7-m/crtn.o
                0x2000c000                _estack = 0x2000c000
                0x00000000                _Min_Heap_Size = 0x0
                0x00000200                _Min_Stack_Size = 0x200

.isr_vector     0x08000000      0x1e4
                0x08000000                . = ALIGN (0x4)
 *(.isr_vector)
 .isr_vector    0x08000000      0x1e4 start\startup_stm32f10x_hd.o
                0x08000000                g_pfnVectors
                0x080001e4                . = ALIGN (0x4)

.eh_frame       0x080001e4        0x0
 .eh_frame      0x080001e4        0x0 d:/program files (x86)/gnu tools arm embedded/5.4 2016q2/bin/../lib/gcc/arm-none-eabi/5.4.1/armv7-m/crtbegin.o

.text           0x080001e4     0x2c28
                0x080001e4                . = ALIGN (0x4)
 *(.text)
 .text          0x080001e4       0x5c d:/program files (x86)/gnu tools arm embedded/5.4 2016q2/bin/../lib/gcc/arm-none-eabi/5.4.1/armv7-m/crtbegin.o
 .text          0x08000240       0x34 ucos_ii\uC-CPU\ARM-Cortex-M3\GNU\cpu_a.o
                0x08000240                CPU_IntDis
                0x08000244                CPU_IntEn
                0x08000248                CPU_SR_Save
                0x08000250                CPU_SR_Restore
                0x08000256                CPU_WaitForInt
                0x0800025a                CPU_WaitForExcept
                0x0800025e                CPU_CntLeadZeros
                0x08000264                CPU_CntTrailZeros
                0x0800026e                CPU_RevBits
 .text          0x08000274       0xb0 ucos_ii\uCOS-II\Ports\ARM-Cortex-M3\Generic\GNU\os_cpu_a.o
                0x08000274                OS_CPU_SR_Save
                0x0800027c                OS_CPU_SR_Restore
                0x08000282                OSStartHighRdy
                0x080002a8                OSCtxSw
                0x080002b2                OSIntCtxSw
                0x080002bc                OS_CPU_PendSVHandler
 *(.text*)
 .text.SystemInit
                0x08000324       0x68 cmsis\system_stm32f10x.o
                0x08000324                SystemInit
 .text.SetSysClock
                0x0800038c        0xc cmsis\system_stm32f10x.o
 .text.SetSysClockTo72
                0x08000398      0x100 cmsis\system_stm32f10x.o
 .text.GPIO_Init
                0x08000498      0x178 lib\src\stm32f10x_gpio.o
                0x08000498                GPIO_Init
 .text.GPIO_WriteBit
                0x08000610       0x30 lib\src\stm32f10x_gpio.o
                0x08000610                GPIO_WriteBit
 .text.RCC_GetClocksFreq
                0x08000640      0x160 lib\src\stm32f10x_rcc.o
                0x08000640                RCC_GetClocksFreq
 .text.RCC_APB2PeriphClockCmd
                0x080007a0       0x3c lib\src\stm32f10x_rcc.o
                0x080007a0                RCC_APB2PeriphClockCmd
 .text.Reset_Handler
                0x080007dc       0x48 start\startup_stm32f10x_hd.o
                0x080007dc                Reset_Handler
 .text.Default_Handler
                0x08000824        0x2 start\startup_stm32f10x_hd.o
                0x08000824                EXTI2_IRQHandler
                0x08000824                TIM8_TRG_COM_IRQHandler
                0x08000824                TIM8_CC_IRQHandler
                0x08000824                TIM1_CC_IRQHandler
                0x08000824                TIM6_IRQHandler
                0x08000824                PVD_IRQHandler
                0x08000824                SDIO_IRQHandler
                0x08000824                EXTI3_IRQHandler
                0x08000824                EXTI0_IRQHandler
                0x08000824                I2C2_EV_IRQHandler
                0x08000824                ADC1_2_IRQHandler
                0x08000824                SPI1_IRQHandler
                0x08000824                TAMPER_IRQHandler
                0x08000824                TIM8_UP_IRQHandler
                0x08000824                DMA2_Channel2_IRQHandler
                0x08000824                DMA1_Channel4_IRQHandler
                0x08000824                USART3_IRQHandler
                0x08000824                RTC_IRQHandler
                0x08000824                DMA1_Channel7_IRQHandler
                0x08000824                CAN1_RX1_IRQHandler
                0x08000824                UART5_IRQHandler
                0x08000824                ADC3_IRQHandler
                0x08000824                TIM4_IRQHandler
                0x08000824                DMA2_Channel1_IRQHandler
                0x08000824                I2C1_EV_IRQHandler
                0x08000824                DMA1_Channel6_IRQHandler
                0x08000824                UART4_IRQHandler
                0x08000824                TIM3_IRQHandler
                0x08000824                RCC_IRQHandler
                0x08000824                TIM1_TRG_COM_IRQHandler
                0x08000824                DMA1_Channel1_IRQHandler
                0x08000824                Default_Handler
                0x08000824                EXTI15_10_IRQHandler
                0x08000824                TIM7_IRQHandler
                0x08000824                TIM5_IRQHandler
                0x08000824                EXTI9_5_IRQHandler
                0x08000824                SPI2_IRQHandler
                0x08000824                DMA1_Channel5_IRQHandler
                0x08000824                EXTI4_IRQHandler
                0x08000824                USB_LP_CAN1_RX0_IRQHandler
                0x08000824                USB_HP_CAN1_TX_IRQHandler
                0x08000824                DMA1_Channel3_IRQHandler
                0x08000824                FSMC_IRQHandler
                0x08000824                TIM1_UP_IRQHandler
                0x08000824                WWDG_IRQHandler
                0x08000824                TIM2_IRQHandler
                0x08000824                TIM1_BRK_IRQHandler
                0x08000824                EXTI1_IRQHandler
                0x08000824                RTCAlarm_IRQHandler
                0x08000824                DMA2_Channel4_5_IRQHandler
                0x08000824                USART2_IRQHandler
                0x08000824                I2C2_ER_IRQHandler
                0x08000824                DMA1_Channel2_IRQHandler
                0x08000824                TIM8_BRK_IRQHandler
                0x08000824                CAN1_SCE_IRQHandler
                0x08000824                FLASH_IRQHandler
                0x08000824                USART1_IRQHandler
                0x08000824                SPI3_IRQHandler
                0x08000824                I2C1_ER_IRQHandler
                0x08000824                USBWakeUp_IRQHandler
                0x08000824                DMA2_Channel3_IRQHandler
 *fill*         0x08000826        0x2 
 .text.App_TaskCreateHook
                0x08000828       0x14 ucos_ii\uC-CFG\app_hooks.o
                0x08000828                App_TaskCreateHook
 .text.App_TaskDelHook
                0x0800083c       0x14 ucos_ii\uC-CFG\app_hooks.o
                0x0800083c                App_TaskDelHook
 .text.App_TaskIdleHook
                0x08000850        0xc ucos_ii\uC-CFG\app_hooks.o
                0x08000850                App_TaskIdleHook
 .text.App_TaskReturnHook
                0x0800085c       0x14 ucos_ii\uC-CFG\app_hooks.o
                0x0800085c                App_TaskReturnHook
 .text.App_TaskStatHook
                0x08000870        0xc ucos_ii\uC-CFG\app_hooks.o
                0x08000870                App_TaskStatHook
 .text.App_TaskSwHook
                0x0800087c        0xc ucos_ii\uC-CFG\app_hooks.o
                0x0800087c                App_TaskSwHook
 .text.App_TCBInitHook
                0x08000888       0x14 ucos_ii\uC-CFG\app_hooks.o
                0x08000888                App_TCBInitHook
 .text.App_TimeTickHook
                0x0800089c        0xc ucos_ii\uC-CFG\app_hooks.o
                0x0800089c                App_TimeTickHook
 .text.CPU_Init
                0x080008a8        0xc ucos_ii\uC-CPU\cpu_core.o
                0x080008a8                CPU_Init
 .text.CPU_NameClr
                0x080008b4       0x2c ucos_ii\uC-CPU\cpu_core.o
                0x080008b4                CPU_NameClr
 .text.CPU_NameInit
                0x080008e0        0xc ucos_ii\uC-CPU\cpu_core.o
 .text.Mem_Init
                0x080008ec       0x90 ucos_ii\uC-LIB\lib_mem.o
                0x080008ec                Mem_Init
 .text.Mem_Clr  0x0800097c       0x1c ucos_ii\uC-LIB\lib_mem.o
                0x0800097c                Mem_Clr
 .text.Mem_Set  0x08000998       0xc4 ucos_ii\uC-LIB\lib_mem.o
                0x08000998                Mem_Set
 .text.OSInitHookBegin
                0x08000a5c       0x4c ucos_ii\uCOS-II\Ports\ARM-Cortex-M3\Generic\GNU\os_cpu_c.o
                0x08000a5c                OSInitHookBegin
 .text.OSInitHookEnd
                0x08000aa8        0xc ucos_ii\uCOS-II\Ports\ARM-Cortex-M3\Generic\GNU\os_cpu_c.o
                0x08000aa8                OSInitHookEnd
 .text.OSTaskCreateHook
                0x08000ab4       0x18 ucos_ii\uCOS-II\Ports\ARM-Cortex-M3\Generic\GNU\os_cpu_c.o
                0x08000ab4                OSTaskCreateHook
 .text.OSTaskDelHook
                0x08000acc       0x18 ucos_ii\uCOS-II\Ports\ARM-Cortex-M3\Generic\GNU\os_cpu_c.o
                0x08000acc                OSTaskDelHook
 .text.OSTaskIdleHook
                0x08000ae4        0xc ucos_ii\uCOS-II\Ports\ARM-Cortex-M3\Generic\GNU\os_cpu_c.o
                0x08000ae4                OSTaskIdleHook
 .text.OSTaskReturnHook
                0x08000af0       0x18 ucos_ii\uCOS-II\Ports\ARM-Cortex-M3\Generic\GNU\os_cpu_c.o
                0x08000af0                OSTaskReturnHook
 .text.OSTaskStatHook
                0x08000b08        0xc ucos_ii\uCOS-II\Ports\ARM-Cortex-M3\Generic\GNU\os_cpu_c.o
                0x08000b08                OSTaskStatHook
 .text.OSTaskStkInit
                0x08000b14       0xf8 ucos_ii\uCOS-II\Ports\ARM-Cortex-M3\Generic\GNU\os_cpu_c.o
                0x08000b14                OSTaskStkInit
 .text.OSTaskSwHook
                0x08000c0c        0xc ucos_ii\uCOS-II\Ports\ARM-Cortex-M3\Generic\GNU\os_cpu_c.o
                0x08000c0c                OSTaskSwHook
 .text.OSTCBInitHook
                0x08000c18       0x18 ucos_ii\uCOS-II\Ports\ARM-Cortex-M3\Generic\GNU\os_cpu_c.o
                0x08000c18                OSTCBInitHook
 .text.OSTimeTickHook
                0x08000c30       0x30 ucos_ii\uCOS-II\Ports\ARM-Cortex-M3\Generic\GNU\os_cpu_c.o
                0x08000c30                OSTimeTickHook
 .text.OS_CPU_SysTickHandler
                0x08000c60       0x34 ucos_ii\uCOS-II\Ports\ARM-Cortex-M3\Generic\GNU\os_cpu_c.o
                0x08000c60                OS_CPU_SysTickHandler
 .text.OS_CPU_SysTickInit
                0x08000c94       0x44 ucos_ii\uCOS-II\Ports\ARM-Cortex-M3\Generic\GNU\os_cpu_c.o
                0x08000c94                OS_CPU_SysTickInit
 .text.OSDebugInit
                0x08000cd8      0x1d8 ucos_ii\uCOS-II\Ports\ARM-Cortex-M3\Generic\GNU\os_dbg.o
                0x08000cd8                OSDebugInit
 .text.OSEventNameSet
                0x08000eb0       0x58 ucos_ii\uCOS-II\Source\os_core.o
                0x08000eb0                OSEventNameSet
 .text.OSInit   0x08000f08       0x3c ucos_ii\uCOS-II\Source\os_core.o
                0x08000f08                OSInit
 .text.OSIntExit
                0x08000f44       0xa4 ucos_ii\uCOS-II\Source\os_core.o
                0x08000f44                OSIntExit
 .text.OSSchedLock
                0x08000fe8       0x50 ucos_ii\uCOS-II\Source\os_core.o
                0x08000fe8                OSSchedLock
 .text.OSSchedUnlock
                0x08001038       0x74 ucos_ii\uCOS-II\Source\os_core.o
                0x08001038                OSSchedUnlock
 .text.OSStart  0x080010ac       0x50 ucos_ii\uCOS-II\Source\os_core.o
                0x080010ac                OSStart
 .text.OSStatInit
                0x080010fc       0x58 ucos_ii\uCOS-II\Source\os_core.o
                0x080010fc                OSStatInit
 .text.OSTimeTick
                0x08001154      0x13c ucos_ii\uCOS-II\Source\os_core.o
                0x08001154                OSTimeTick
 .text.OS_Dummy
                0x08001290        0xc ucos_ii\uCOS-II\Source\os_core.o
                0x08001290                OS_Dummy
 .text.OS_EventTaskRdy
                0x0800129c       0xe4 ucos_ii\uCOS-II\Source\os_core.o
                0x0800129c                OS_EventTaskRdy
 .text.OS_EventTaskWait
                0x08001380       0xb0 ucos_ii\uCOS-II\Source\os_core.o
                0x08001380                OS_EventTaskWait
 .text.OS_EventTaskRemove
                0x08001430       0x60 ucos_ii\uCOS-II\Source\os_core.o
                0x08001430                OS_EventTaskRemove
 .text.OS_EventTaskRemoveMulti
                0x08001490       0x84 ucos_ii\uCOS-II\Source\os_core.o
                0x08001490                OS_EventTaskRemoveMulti
 .text.OS_EventWaitListInit
                0x08001514       0x34 ucos_ii\uCOS-II\Source\os_core.o
                0x08001514                OS_EventWaitListInit
 .text.OS_InitEventList
                0x08001548       0x98 ucos_ii\uCOS-II\Source\os_core.o
 .text.OS_InitMisc
                0x080015e0       0x7c ucos_ii\uCOS-II\Source\os_core.o
 .text.OS_InitRdyList
                0x0800165c       0x60 ucos_ii\uCOS-II\Source\os_core.o
 .text.OS_InitTaskIdle
                0x080016bc       0x4c ucos_ii\uCOS-II\Source\os_core.o
 .text.OS_InitTaskStat
                0x08001708       0x4c ucos_ii\uCOS-II\Source\os_core.o
 .text.OS_InitTCBList
                0x08001754       0x9c ucos_ii\uCOS-II\Source\os_core.o
 .text.OS_MemClr
                0x080017f0       0x30 ucos_ii\uCOS-II\Source\os_core.o
                0x080017f0                OS_MemClr
 .text.OS_Sched
                0x08001820       0x84 ucos_ii\uCOS-II\Source\os_core.o
                0x08001820                OS_Sched
 .text.OS_SchedNew
                0x080018a4       0x48 ucos_ii\uCOS-II\Source\os_core.o
 .text.OS_TaskIdle
                0x080018ec       0x2c ucos_ii\uCOS-II\Source\os_core.o
                0x080018ec                OS_TaskIdle
 .text.OS_TaskStat
                0x08001918       0xb4 ucos_ii\uCOS-II\Source\os_core.o
                0x08001918                OS_TaskStat
 .text.OS_TaskStatStkChk
                0x080019cc       0x68 ucos_ii\uCOS-II\Source\os_core.o
                0x080019cc                OS_TaskStatStkChk
 .text.OS_TCBInit
                0x08001a34      0x1e4 ucos_ii\uCOS-II\Source\os_core.o
                0x08001a34                OS_TCBInit
 .text.OS_FlagInit
                0x08001c18       0x84 ucos_ii\uCOS-II\Source\os_flag.o
                0x08001c18                OS_FlagInit
 .text.OS_FlagUnlink
                0x08001c9c       0x5c ucos_ii\uCOS-II\Source\os_flag.o
                0x08001c9c                OS_FlagUnlink
 .text.OS_MemInit
                0x08001cf8       0x80 ucos_ii\uCOS-II\Source\os_mem.o
                0x08001cf8                OS_MemInit
 .text.OS_QInit
                0x08001d78       0x78 ucos_ii\uCOS-II\Source\os_q.o
                0x08001d78                OS_QInit
 .text.OSSemCreate
                0x08001df0       0x78 ucos_ii\uCOS-II\Source\os_sem.o
                0x08001df0                OSSemCreate
 .text.OSSemPend
                0x08001e68      0x118 ucos_ii\uCOS-II\Source\os_sem.o
                0x08001e68                OSSemPend
 .text.OSSemPost
                0x08001f80       0x74 ucos_ii\uCOS-II\Source\os_sem.o
                0x08001f80                OSSemPost
 .text.OSTaskCreate
                0x08001ff4       0xbc ucos_ii\uCOS-II\Source\os_task.o
                0x08001ff4                OSTaskCreate
 .text.OSTaskCreateExt
                0x080020b0       0xc8 ucos_ii\uCOS-II\Source\os_task.o
                0x080020b0                OSTaskCreateExt
 .text.OSTaskDel
                0x08002178      0x1e0 ucos_ii\uCOS-II\Source\os_task.o
                0x08002178                OSTaskDel
 .text.OSTaskNameSet
                0x08002358       0x90 ucos_ii\uCOS-II\Source\os_task.o
                0x08002358                OSTaskNameSet
 .text.OSTaskStkChk
                0x080023e8       0xc0 ucos_ii\uCOS-II\Source\os_task.o
                0x080023e8                OSTaskStkChk
 .text.OSTaskSuspend
                0x080024a8       0xec ucos_ii\uCOS-II\Source\os_task.o
                0x080024a8                OSTaskSuspend
 .text.OS_TaskReturn
                0x08002594       0x1c ucos_ii\uCOS-II\Source\os_task.o
                0x08002594                OS_TaskReturn
 .text.OS_TaskStkClr
                0x080025b0       0x44 ucos_ii\uCOS-II\Source\os_task.o
                0x080025b0                OS_TaskStkClr
 .text.OSTimeDly
                0x080025f4       0xa4 ucos_ii\uCOS-II\Source\os_time.o
                0x080025f4                OSTimeDly
 .text.OSTimeDlyHMSM
                0x08002698       0x8c ucos_ii\uCOS-II\Source\os_time.o
                0x08002698                OSTimeDlyHMSM
 .text.OSTmrSignal
                0x08002724       0x24 ucos_ii\uCOS-II\Source\os_tmr.o
                0x08002724                OSTmrSignal
 .text.OSTmr_Init
                0x08002748      0x118 ucos_ii\uCOS-II\Source\os_tmr.o
                0x08002748                OSTmr_Init
 .text.OSTmr_InitTask
                0x08002860       0x4c ucos_ii\uCOS-II\Source\os_tmr.o
 .text.OSTmr_Link
                0x080028ac       0xc0 ucos_ii\uCOS-II\Source\os_tmr.o
 .text.OSTmr_Unlink
                0x0800296c       0x90 ucos_ii\uCOS-II\Source\os_tmr.o
 .text.OSTmr_Task
                0x080029fc       0xac ucos_ii\uCOS-II\Source\os_tmr.o
 .text.LED_Init
                0x08002aa8       0x30 user\led.o
                0x08002aa8                LED_Init
 .text.main     0x08002ad8       0x28 user\main.o
                0x08002ad8                main
 .text.task_start
                0x08002b00       0x84 user\main.o
 .text.NMI_Handler
                0x08002b84        0xc user\stm32f10x_it.o
                0x08002b84                NMI_Handler
 .text.HardFault_Handler
                0x08002b90        0x8 user\stm32f10x_it.o
                0x08002b90                HardFault_Handler
 .text.MemManage_Handler
                0x08002b98        0x8 user\stm32f10x_it.o
                0x08002b98                MemManage_Handler
 .text.BusFault_Handler
                0x08002ba0        0x8 user\stm32f10x_it.o
                0x08002ba0                BusFault_Handler
 .text.UsageFault_Handler
                0x08002ba8        0x8 user\stm32f10x_it.o
                0x08002ba8                UsageFault_Handler
 .text.SVC_Handler
                0x08002bb0        0xc user\stm32f10x_it.o
                0x08002bb0                SVC_Handler
 .text.DebugMon_Handler
                0x08002bbc        0xc user\stm32f10x_it.o
                0x08002bbc                DebugMon_Handler
 .text.__libc_init_array
                0x08002bc8       0x4c d:/program files (x86)/gnu tools arm embedded/5.4 2016q2/bin/../lib/gcc/arm-none-eabi/5.4.1/../../../../arm-none-eabi/lib/armv7-m\libg_nano.a(lib_a-init.o)
                0x08002bc8                __libc_init_array
 *(.rodata)
 .rodata        0x08002c14       0x22 ucos_ii\uCOS-II\Source\os_core.o
 *fill*         0x08002c36        0x2 
 .rodata        0x08002c38        0x2 ucos_ii\uCOS-II\Source\os_flag.o
 *fill*         0x08002c3a        0x2 
 .rodata        0x08002c3c        0x2 ucos_ii\uCOS-II\Source\os_mem.o
 *fill*         0x08002c3e        0x2 
 .rodata        0x08002c40        0x2 ucos_ii\uCOS-II\Source\os_sem.o
 *fill*         0x08002c42        0x2 
 .rodata        0x08002c44        0x2 ucos_ii\uCOS-II\Source\os_task.o
 *fill*         0x08002c46        0x2 
 .rodata        0x08002c48       0x39 ucos_ii\uCOS-II\Source\os_tmr.o
 *(.rodata*)
 *fill*         0x08002c81        0x1 
 .rodata.OSDebugEn
                0x08002c82        0x2 ucos_ii\uCOS-II\Ports\ARM-Cortex-M3\Generic\GNU\os_dbg.o
                0x08002c82                OSDebugEn
 .rodata.OSEndiannessTest
                0x08002c84        0x4 ucos_ii\uCOS-II\Ports\ARM-Cortex-M3\Generic\GNU\os_dbg.o
                0x08002c84                OSEndiannessTest
 .rodata.OSEventEn
                0x08002c88        0x2 ucos_ii\uCOS-II\Ports\ARM-Cortex-M3\Generic\GNU\os_dbg.o
                0x08002c88                OSEventEn
 .rodata.OSEventMax
                0x08002c8a        0x2 ucos_ii\uCOS-II\Ports\ARM-Cortex-M3\Generic\GNU\os_dbg.o
                0x08002c8a                OSEventMax
 .rodata.OSEventNameEn
                0x08002c8c        0x2 ucos_ii\uCOS-II\Ports\ARM-Cortex-M3\Generic\GNU\os_dbg.o
                0x08002c8c                OSEventNameEn
 .rodata.OSEventSize
                0x08002c8e        0x2 ucos_ii\uCOS-II\Ports\ARM-Cortex-M3\Generic\GNU\os_dbg.o
                0x08002c8e                OSEventSize
 .rodata.OSEventTblSize
                0x08002c90        0x2 ucos_ii\uCOS-II\Ports\ARM-Cortex-M3\Generic\GNU\os_dbg.o
                0x08002c90                OSEventTblSize
 .rodata.OSEventMultiEn
                0x08002c92        0x2 ucos_ii\uCOS-II\Ports\ARM-Cortex-M3\Generic\GNU\os_dbg.o
                0x08002c92                OSEventMultiEn
 .rodata.OSFlagEn
                0x08002c94        0x2 ucos_ii\uCOS-II\Ports\ARM-Cortex-M3\Generic\GNU\os_dbg.o
                0x08002c94                OSFlagEn
 .rodata.OSFlagGrpSize
                0x08002c96        0x2 ucos_ii\uCOS-II\Ports\ARM-Cortex-M3\Generic\GNU\os_dbg.o
                0x08002c96                OSFlagGrpSize
 .rodata.OSFlagNodeSize
                0x08002c98        0x2 ucos_ii\uCOS-II\Ports\ARM-Cortex-M3\Generic\GNU\os_dbg.o
                0x08002c98                OSFlagNodeSize
 .rodata.OSFlagWidth
                0x08002c9a        0x2 ucos_ii\uCOS-II\Ports\ARM-Cortex-M3\Generic\GNU\os_dbg.o
                0x08002c9a                OSFlagWidth
 .rodata.OSFlagMax
                0x08002c9c        0x2 ucos_ii\uCOS-II\Ports\ARM-Cortex-M3\Generic\GNU\os_dbg.o
                0x08002c9c                OSFlagMax
 .rodata.OSFlagNameEn
                0x08002c9e        0x2 ucos_ii\uCOS-II\Ports\ARM-Cortex-M3\Generic\GNU\os_dbg.o
                0x08002c9e                OSFlagNameEn
 .rodata.OSLowestPrio
                0x08002ca0        0x2 ucos_ii\uCOS-II\Ports\ARM-Cortex-M3\Generic\GNU\os_dbg.o
                0x08002ca0                OSLowestPrio
 .rodata.OSMboxEn
                0x08002ca2        0x2 ucos_ii\uCOS-II\Ports\ARM-Cortex-M3\Generic\GNU\os_dbg.o
                0x08002ca2                OSMboxEn
 .rodata.OSMemEn
                0x08002ca4        0x2 ucos_ii\uCOS-II\Ports\ARM-Cortex-M3\Generic\GNU\os_dbg.o
                0x08002ca4                OSMemEn
 .rodata.OSMemMax
                0x08002ca6        0x2 ucos_ii\uCOS-II\Ports\ARM-Cortex-M3\Generic\GNU\os_dbg.o
                0x08002ca6                OSMemMax
 .rodata.OSMemNameEn
                0x08002ca8        0x2 ucos_ii\uCOS-II\Ports\ARM-Cortex-M3\Generic\GNU\os_dbg.o
                0x08002ca8                OSMemNameEn
 .rodata.OSMemSize
                0x08002caa        0x2 ucos_ii\uCOS-II\Ports\ARM-Cortex-M3\Generic\GNU\os_dbg.o
                0x08002caa                OSMemSize
 .rodata.OSMemTblSize
                0x08002cac        0x2 ucos_ii\uCOS-II\Ports\ARM-Cortex-M3\Generic\GNU\os_dbg.o
                0x08002cac                OSMemTblSize
 .rodata.OSMutexEn
                0x08002cae        0x2 ucos_ii\uCOS-II\Ports\ARM-Cortex-M3\Generic\GNU\os_dbg.o
                0x08002cae                OSMutexEn
 .rodata.OSPtrSize
                0x08002cb0        0x2 ucos_ii\uCOS-II\Ports\ARM-Cortex-M3\Generic\GNU\os_dbg.o
                0x08002cb0                OSPtrSize
 .rodata.OSQEn  0x08002cb2        0x2 ucos_ii\uCOS-II\Ports\ARM-Cortex-M3\Generic\GNU\os_dbg.o
                0x08002cb2                OSQEn
 .rodata.OSQMax
                0x08002cb4        0x2 ucos_ii\uCOS-II\Ports\ARM-Cortex-M3\Generic\GNU\os_dbg.o
                0x08002cb4                OSQMax
 .rodata.OSQSize
                0x08002cb6        0x2 ucos_ii\uCOS-II\Ports\ARM-Cortex-M3\Generic\GNU\os_dbg.o
                0x08002cb6                OSQSize
 .rodata.OSRdyTblSize
                0x08002cb8        0x2 ucos_ii\uCOS-II\Ports\ARM-Cortex-M3\Generic\GNU\os_dbg.o
                0x08002cb8                OSRdyTblSize
 .rodata.OSSemEn
                0x08002cba        0x2 ucos_ii\uCOS-II\Ports\ARM-Cortex-M3\Generic\GNU\os_dbg.o
                0x08002cba                OSSemEn
 .rodata.OSStkWidth
                0x08002cbc        0x2 ucos_ii\uCOS-II\Ports\ARM-Cortex-M3\Generic\GNU\os_dbg.o
                0x08002cbc                OSStkWidth
 .rodata.OSTaskCreateEn
                0x08002cbe        0x2 ucos_ii\uCOS-II\Ports\ARM-Cortex-M3\Generic\GNU\os_dbg.o
                0x08002cbe                OSTaskCreateEn
 .rodata.OSTaskCreateExtEn
                0x08002cc0        0x2 ucos_ii\uCOS-II\Ports\ARM-Cortex-M3\Generic\GNU\os_dbg.o
                0x08002cc0                OSTaskCreateExtEn
 .rodata.OSTaskDelEn
                0x08002cc2        0x2 ucos_ii\uCOS-II\Ports\ARM-Cortex-M3\Generic\GNU\os_dbg.o
                0x08002cc2                OSTaskDelEn
 .rodata.OSTaskIdleStkSize
                0x08002cc4        0x2 ucos_ii\uCOS-II\Ports\ARM-Cortex-M3\Generic\GNU\os_dbg.o
                0x08002cc4                OSTaskIdleStkSize
 .rodata.OSTaskProfileEn
                0x08002cc6        0x2 ucos_ii\uCOS-II\Ports\ARM-Cortex-M3\Generic\GNU\os_dbg.o
                0x08002cc6                OSTaskProfileEn
 .rodata.OSTaskMax
                0x08002cc8        0x2 ucos_ii\uCOS-II\Ports\ARM-Cortex-M3\Generic\GNU\os_dbg.o
                0x08002cc8                OSTaskMax
 .rodata.OSTaskNameEn
                0x08002cca        0x2 ucos_ii\uCOS-II\Ports\ARM-Cortex-M3\Generic\GNU\os_dbg.o
                0x08002cca                OSTaskNameEn
 .rodata.OSTaskStatEn
                0x08002ccc        0x2 ucos_ii\uCOS-II\Ports\ARM-Cortex-M3\Generic\GNU\os_dbg.o
                0x08002ccc                OSTaskStatEn
 .rodata.OSTaskStatStkSize
                0x08002cce        0x2 ucos_ii\uCOS-II\Ports\ARM-Cortex-M3\Generic\GNU\os_dbg.o
                0x08002cce                OSTaskStatStkSize
 .rodata.OSTaskStatStkChkEn
                0x08002cd0        0x2 ucos_ii\uCOS-II\Ports\ARM-Cortex-M3\Generic\GNU\os_dbg.o
                0x08002cd0                OSTaskStatStkChkEn
 .rodata.OSTaskSwHookEn
                0x08002cd2        0x2 ucos_ii\uCOS-II\Ports\ARM-Cortex-M3\Generic\GNU\os_dbg.o
                0x08002cd2                OSTaskSwHookEn
 .rodata.OSTCBPrioTblMax
                0x08002cd4        0x2 ucos_ii\uCOS-II\Ports\ARM-Cortex-M3\Generic\GNU\os_dbg.o
                0x08002cd4                OSTCBPrioTblMax
 .rodata.OSTCBSize
                0x08002cd6        0x2 ucos_ii\uCOS-II\Ports\ARM-Cortex-M3\Generic\GNU\os_dbg.o
                0x08002cd6                OSTCBSize
 .rodata.OSTicksPerSec
                0x08002cd8        0x2 ucos_ii\uCOS-II\Ports\ARM-Cortex-M3\Generic\GNU\os_dbg.o
                0x08002cd8                OSTicksPerSec
 .rodata.OSTimeTickHookEn
                0x08002cda        0x2 ucos_ii\uCOS-II\Ports\ARM-Cortex-M3\Generic\GNU\os_dbg.o
                0x08002cda                OSTimeTickHookEn
 .rodata.OSVersionNbr
                0x08002cdc        0x2 ucos_ii\uCOS-II\Ports\ARM-Cortex-M3\Generic\GNU\os_dbg.o
                0x08002cdc                OSVersionNbr
 .rodata.OSTmrEn
                0x08002cde        0x2 ucos_ii\uCOS-II\Ports\ARM-Cortex-M3\Generic\GNU\os_dbg.o
                0x08002cde                OSTmrEn
 .rodata.OSTmrCfgMax
                0x08002ce0        0x2 ucos_ii\uCOS-II\Ports\ARM-Cortex-M3\Generic\GNU\os_dbg.o
                0x08002ce0                OSTmrCfgMax
 .rodata.OSTmrCfgNameEn
                0x08002ce2        0x2 ucos_ii\uCOS-II\Ports\ARM-Cortex-M3\Generic\GNU\os_dbg.o
                0x08002ce2                OSTmrCfgNameEn
 .rodata.OSTmrCfgWheelSize
                0x08002ce4        0x2 ucos_ii\uCOS-II\Ports\ARM-Cortex-M3\Generic\GNU\os_dbg.o
                0x08002ce4                OSTmrCfgWheelSize
 .rodata.OSTmrCfgTicksPerSec
                0x08002ce6        0x2 ucos_ii\uCOS-II\Ports\ARM-Cortex-M3\Generic\GNU\os_dbg.o
                0x08002ce6                OSTmrCfgTicksPerSec
 .rodata.OSTmrSize
                0x08002ce8        0x2 ucos_ii\uCOS-II\Ports\ARM-Cortex-M3\Generic\GNU\os_dbg.o
                0x08002ce8                OSTmrSize
 .rodata.OSTmrTblSize
                0x08002cea        0x2 ucos_ii\uCOS-II\Ports\ARM-Cortex-M3\Generic\GNU\os_dbg.o
                0x08002cea                OSTmrTblSize
 .rodata.OSTmrWheelSize
                0x08002cec        0x2 ucos_ii\uCOS-II\Ports\ARM-Cortex-M3\Generic\GNU\os_dbg.o
                0x08002cec                OSTmrWheelSize
 .rodata.OSTmrWheelTblSize
                0x08002cee        0x2 ucos_ii\uCOS-II\Ports\ARM-Cortex-M3\Generic\GNU\os_dbg.o
                0x08002cee                OSTmrWheelTblSize
 .rodata.OSDataSize
                0x08002cf0        0x2 ucos_ii\uCOS-II\Ports\ARM-Cortex-M3\Generic\GNU\os_dbg.o
                0x08002cf0                OSDataSize
 *fill*         0x08002cf2        0x2 
 .rodata.OSUnMapTbl
                0x08002cf4      0x100 ucos_ii\uCOS-II\Source\os_core.o
                0x08002cf4                OSUnMapTbl
 *(.glue_7)
 .glue_7        0x08002df4        0x0 linker stubs
 *(.glue_7t)
 .glue_7t       0x08002df4        0x0 linker stubs
 *(.init)
 .init          0x08002df4        0x4 d:/program files (x86)/gnu tools arm embedded/5.4 2016q2/bin/../lib/gcc/arm-none-eabi/5.4.1/armv7-m/crti.o
                0x08002df4                _init
 .init          0x08002df8        0x8 d:/program files (x86)/gnu tools arm embedded/5.4 2016q2/bin/../lib/gcc/arm-none-eabi/5.4.1/armv7-m/crtn.o
 *(.fini)
 .fini          0x08002e00        0x4 d:/program files (x86)/gnu tools arm embedded/5.4 2016q2/bin/../lib/gcc/arm-none-eabi/5.4.1/armv7-m/crti.o
                0x08002e00                _fini
 .fini          0x08002e04        0x8 d:/program files (x86)/gnu tools arm embedded/5.4 2016q2/bin/../lib/gcc/arm-none-eabi/5.4.1/armv7-m/crtn.o
                0x08002e0c                . = ALIGN (0x4)
                0x08002e0c                _etext = .

.vfp11_veneer   0x08002e0c        0x0
 .vfp11_veneer  0x08002e0c        0x0 linker stubs

.v4_bx          0x08002e0c        0x0
 .v4_bx         0x08002e0c        0x0 linker stubs

.iplt           0x08002e0c        0x0
 .iplt          0x08002e0c        0x0 d:/program files (x86)/gnu tools arm embedded/5.4 2016q2/bin/../lib/gcc/arm-none-eabi/5.4.1/armv7-m/crtbegin.o

.rel.dyn        0x08002e0c        0x0
 .rel.iplt      0x08002e0c        0x0 d:/program files (x86)/gnu tools arm embedded/5.4 2016q2/bin/../lib/gcc/arm-none-eabi/5.4.1/armv7-m/crtbegin.o

.ARM.extab
 *(.ARM.extab* .gnu.linkonce.armextab.*)

.ARM            0x08002e0c        0x0
                0x08002e0c                __exidx_start = .
 *(.ARM.exidx*)
                0x08002e0c                __exidx_end = .

.ARM.attributes
                0x08002e0c       0x29
 *(.ARM.attributes)
 .ARM.attributes
                0x08002e0c       0x1d d:/program files (x86)/gnu tools arm embedded/5.4 2016q2/bin/../lib/gcc/arm-none-eabi/5.4.1/armv7-m/crti.o
 .ARM.attributes
                0x08002e29       0x2d d:/program files (x86)/gnu tools arm embedded/5.4 2016q2/bin/../lib/gcc/arm-none-eabi/5.4.1/armv7-m/crtbegin.o
 .ARM.attributes
                0x08002e56       0x33 cmsis\system_stm32f10x.o
 .ARM.attributes
                0x08002e89       0x33 lib\src\stm32f10x_gpio.o
 .ARM.attributes
                0x08002ebc       0x33 lib\src\stm32f10x_rcc.o
 .ARM.attributes
                0x08002eef       0x21 start\startup_stm32f10x_hd.o
 .ARM.attributes
                0x08002f10       0x33 ucos_ii\uC-CFG\app_hooks.o
 .ARM.attributes
                0x08002f43       0x21 ucos_ii\uC-CPU\ARM-Cortex-M3\GNU\cpu_a.o
 .ARM.attributes
                0x08002f64       0x33 ucos_ii\uC-CPU\cpu_core.o
 .ARM.attributes
                0x08002f97       0x33 ucos_ii\uC-LIB\lib_mem.o
 .ARM.attributes
                0x08002fca       0x21 ucos_ii\uCOS-II\Ports\ARM-Cortex-M3\Generic\GNU\os_cpu_a.o
 .ARM.attributes
                0x08002feb       0x33 ucos_ii\uCOS-II\Ports\ARM-Cortex-M3\Generic\GNU\os_cpu_c.o
 .ARM.attributes
                0x0800301e       0x33 ucos_ii\uCOS-II\Ports\ARM-Cortex-M3\Generic\GNU\os_dbg.o
 .ARM.attributes
                0x08003051       0x33 ucos_ii\uCOS-II\Source\os_core.o
 .ARM.attributes
                0x08003084       0x33 ucos_ii\uCOS-II\Source\os_flag.o
 .ARM.attributes
                0x080030b7       0x33 ucos_ii\uCOS-II\Source\os_mem.o
 .ARM.attributes
                0x080030ea       0x33 ucos_ii\uCOS-II\Source\os_q.o
 .ARM.attributes
                0x0800311d       0x33 ucos_ii\uCOS-II\Source\os_sem.o
 .ARM.attributes
                0x08003150       0x33 ucos_ii\uCOS-II\Source\os_task.o
 .ARM.attributes
                0x08003183       0x33 ucos_ii\uCOS-II\Source\os_time.o
 .ARM.attributes
                0x080031b6       0x33 ucos_ii\uCOS-II\Source\os_tmr.o
 .ARM.attributes
                0x080031e9       0x33 user\led.o
 .ARM.attributes
                0x0800321c       0x33 user\main.o
 .ARM.attributes
                0x0800324f       0x33 user\stm32f10x_it.o
 .ARM.attributes
                0x08003282       0x2d d:/program files (x86)/gnu tools arm embedded/5.4 2016q2/bin/../lib/gcc/arm-none-eabi/5.4.1/../../../../arm-none-eabi/lib/armv7-m\libg_nano.a(lib_a-init.o)
 .ARM.attributes
                0x080032af       0x1d d:/program files (x86)/gnu tools arm embedded/5.4 2016q2/bin/../lib/gcc/arm-none-eabi/5.4.1/armv7-m/crtn.o

.preinit_array  0x08002e0c        0x0
                0x08002e0c                PROVIDE (__preinit_array_start, .)
 *(.preinit_array*)
                0x08002e0c                PROVIDE (__preinit_array_end, .)

.init_array     0x08002e0c        0x4
                0x08002e0c                PROVIDE (__init_array_start, .)
 *(SORT(.init_array.*))
 *(.init_array*)
 .init_array    0x08002e0c        0x4 d:/program files (x86)/gnu tools arm embedded/5.4 2016q2/bin/../lib/gcc/arm-none-eabi/5.4.1/armv7-m/crtbegin.o
                0x08002e10                PROVIDE (__init_array_end, .)

.fini_array     0x08002e10        0x4
                0x08002e10                PROVIDE (__fini_array_start, .)
 *(.fini_array*)
 .fini_array    0x08002e10        0x4 d:/program files (x86)/gnu tools arm embedded/5.4 2016q2/bin/../lib/gcc/arm-none-eabi/5.4.1/armv7-m/crtbegin.o
 *(SORT(.fini_array.*))
                0x08002e14                PROVIDE (__fini_array_end, .)
                0x08002e14                _sidata = .

.data           0x20000000       0x14 load address 0x08002e14
                0x20000000                . = ALIGN (0x4)
                0x20000000                _sdata = .
 *(.data)
 *(.data*)
 .data.APBAHBPrescTable
                0x20000000       0x10 lib\src\stm32f10x_rcc.o
 .data.ADCPrescTable
                0x20000010        0x4 lib\src\stm32f10x_rcc.o
                0x20000014                . = ALIGN (0x4)
                0x20000014                _edata = .

.jcr            0x20000014        0x0 load address 0x08002e28
 .jcr           0x20000014        0x0 d:/program files (x86)/gnu tools arm embedded/5.4 2016q2/bin/../lib/gcc/arm-none-eabi/5.4.1/armv7-m/crtbegin.o

.igot.plt       0x20000014        0x0 load address 0x08002e28
 .igot.plt      0x20000014        0x0 d:/program files (x86)/gnu tools arm embedded/5.4 2016q2/bin/../lib/gcc/arm-none-eabi/5.4.1/armv7-m/crtbegin.o
                0x20000014                . = ALIGN (0x4)

.bss            0x20000014     0x93d8 load address 0x08002e28
                0x20000014                _sbss = .
                0x20000014                __bss_start__ = _sbss
 *(.bss)
 .bss           0x20000014       0x1c d:/program files (x86)/gnu tools arm embedded/5.4 2016q2/bin/../lib/gcc/arm-none-eabi/5.4.1/armv7-m/crtbegin.o
 *(.bss*)
 .bss.OSTmrCtr  0x20000030        0x2 ucos_ii\uCOS-II\Ports\ARM-Cortex-M3\Generic\GNU\os_cpu_c.o
 *fill*         0x20000032        0x2 
 .bss.watch_cnt
                0x20000034        0x4 user\main.o
                0x20000034                watch_cnt
 *(COMMON)
 COMMON         0x20000038       0x10 ucos_ii\uC-CPU\cpu_core.o
                0x20000038                CPU_Name
 COMMON         0x20000048     0x6c4c ucos_ii\uC-LIB\lib_mem.o
                0x20000048                Mem_PoolHeap
                0x20000090                Mem_Heap
                0x20006c90                Mem_PoolTbl
 COMMON         0x20006c94      0x204 ucos_ii\uCOS-II\Ports\ARM-Cortex-M3\Generic\GNU\os_cpu_c.o
                0x20006c94                OS_CPU_ExceptStkBase
                0x20006c98                OS_CPU_ExceptStk
 COMMON         0x20006e98     0x2354 ucos_ii\uCOS-II\Source\os_core.o
                0x20006e98                OSTmrFreeList
                0x20006e9c                OSTmrWheelTbl
                0x20006edc                OSLockNesting
                0x20006ee0                OSTmrSemSignal
                0x20006ee4                OSTaskRegNextAvailID
                0x20006ee5                OSRunning
                0x20006ee8                OSIdleCtr
                0x20006eec                OSTmrUsed
                0x20006eee                OSPrioHighRdy
                0x20006ef0                OSFlagTbl
                0x20006f40                OSTmrTbl
                0x200071c0                OSPrioCur
                0x200071c4                OSTCBList
                0x200071c8                OSMemTbl
                0x20007240                OSTickStepState
                0x20007244                OSTaskStatStk
                0x20007444                OSCtxSwCtr
                0x20007448                OSTmrFree
                0x2000744c                OSIdleCtrMax
                0x20007450                OSTCBFreeList
                0x20007454                OSCPUUsage
                0x20007455                OSTaskCtr
                0x20007458                OSMemFreeList
                0x2000745c                OSQTbl
                0x200074bc                OSTCBHighRdy
                0x200074c0                OSQFreeList
                0x200074c4                OSRdyGrp
                0x200074c8                OSRdyTbl
                0x200074d0                OSTmrTaskStk
                0x200076d0                OSEventFreeList
                0x200076d4                OSIntNesting
                0x200076d8                OSTCBCur
                0x200076dc                OSTmrTime
                0x200076e0                OSTime
                0x200076e4                OSTmrSem
                0x200076e8                OSTaskIdleStk
                0x200078e8                OSEventTbl
                0x20008950                OSTCBTbl
                0x200090e0                OSFlagFreeList
                0x200090e4                OSStatRdy
                0x200090e8                OSTCBPrioTbl
                0x200091e8                OSIdleCtrRun
 COMMON         0x200091ec      0x200 user\main.o
                0x200091ec                START_TASK_STK
                0x200093ec                . = ALIGN (0x4)
                0x200093ec                _ebss = .
                0x200093ec                __bss_end__ = _ebss
                [!provide]                PROVIDE (end, _ebss)
                [!provide]                PROVIDE (_end, _ebss)

._user_heap_stack
                0x200093ec      0x200 load address 0x0800c200
                0x200093ec                . = ALIGN (0x4)
                0x200093ec                PROVIDE (_Heap_Begin, .)
                0x00000000                PROVIDE (_Heap_Limit, _Min_Heap_Size)
                0x200093ec                . = (. + _Min_Heap_Size)
                0x200095ec                . = (. + _Min_Stack_Size)
 *fill*         0x200093ec      0x200 
                0x200095ec                . = ALIGN (0x4)

.memory_b1_text
 *(.mb1text)
 *(.mb1text*)
 *(.mb1rodata)
 *(.mb1rodata*)

/DISCARD/
 libc.a(*)
 libm.a(*)
 libgcc.a(*)
OUTPUT(Eclipse_STM32_UCOSII_DEMO.elf elf32-littlearm)

.debug_info     0x00000000     0x8d29
 .debug_info    0x00000000      0x44f cmsis\system_stm32f10x.o
 .debug_info    0x0000044f      0x6e8 lib\src\stm32f10x_gpio.o
 .debug_info    0x00000b37      0x895 lib\src\stm32f10x_rcc.o
 .debug_info    0x000013cc       0x83 start\startup_stm32f10x_hd.o
 .debug_info    0x0000144f      0x46b ucos_ii\uC-CFG\app_hooks.o
 .debug_info    0x000018ba       0x93 ucos_ii\uC-CPU\ARM-Cortex-M3\GNU\cpu_a.o
 .debug_info    0x0000194d      0x460 ucos_ii\uC-CPU\cpu_core.o
 .debug_info    0x00001dad      0xe45 ucos_ii\uC-LIB\lib_mem.o
 .debug_info    0x00002bf2       0xa5 ucos_ii\uCOS-II\Ports\ARM-Cortex-M3\Generic\GNU\os_cpu_a.o
 .debug_info    0x00002c97      0x58e ucos_ii\uCOS-II\Ports\ARM-Cortex-M3\Generic\GNU\os_cpu_c.o
 .debug_info    0x00003225      0xbff ucos_ii\uCOS-II\Ports\ARM-Cortex-M3\Generic\GNU\os_dbg.o
 .debug_info    0x00003e24     0x11f7 ucos_ii\uCOS-II\Source\os_core.o
 .debug_info    0x0000501b      0x9e2 ucos_ii\uCOS-II\Source\os_flag.o
 .debug_info    0x000059fd      0x425 ucos_ii\uCOS-II\Source\os_mem.o
 .debug_info    0x00005e22      0x8f6 ucos_ii\uCOS-II\Source\os_q.o
 .debug_info    0x00006718      0x69d ucos_ii\uCOS-II\Source\os_sem.o
 .debug_info    0x00006db5      0xafe ucos_ii\uCOS-II\Source\os_task.o
 .debug_info    0x000078b3      0x51a ucos_ii\uCOS-II\Source\os_time.o
 .debug_info    0x00007dcd      0x9a5 ucos_ii\uCOS-II\Source\os_tmr.o
 .debug_info    0x00008772      0x212 user\led.o
 .debug_info    0x00008984      0x2a6 user\main.o
 .debug_info    0x00008c2a       0xff user\stm32f10x_it.o

.debug_abbrev   0x00000000     0x1b3b
 .debug_abbrev  0x00000000      0x17e cmsis\system_stm32f10x.o
 .debug_abbrev  0x0000017e      0x1d1 lib\src\stm32f10x_gpio.o
 .debug_abbrev  0x0000034f      0x1c1 lib\src\stm32f10x_rcc.o
 .debug_abbrev  0x00000510       0x12 start\startup_stm32f10x_hd.o
 .debug_abbrev  0x00000522       0xe0 ucos_ii\uC-CFG\app_hooks.o
 .debug_abbrev  0x00000602       0x14 ucos_ii\uC-CPU\ARM-Cortex-M3\GNU\cpu_a.o
 .debug_abbrev  0x00000616      0x180 ucos_ii\uC-CPU\cpu_core.o
 .debug_abbrev  0x00000796      0x1cc ucos_ii\uC-LIB\lib_mem.o
 .debug_abbrev  0x00000962       0x14 ucos_ii\uCOS-II\Ports\ARM-Cortex-M3\Generic\GNU\os_cpu_a.o
 .debug_abbrev  0x00000976      0x1df ucos_ii\uCOS-II\Ports\ARM-Cortex-M3\Generic\GNU\os_cpu_c.o
 .debug_abbrev  0x00000b55       0xf0 ucos_ii\uCOS-II\Ports\ARM-Cortex-M3\Generic\GNU\os_dbg.o
 .debug_abbrev  0x00000c45      0x262 ucos_ii\uCOS-II\Source\os_core.o
 .debug_abbrev  0x00000ea7      0x190 ucos_ii\uCOS-II\Source\os_flag.o
 .debug_abbrev  0x00001037      0x144 ucos_ii\uCOS-II\Source\os_mem.o
 .debug_abbrev  0x0000117b      0x162 ucos_ii\uCOS-II\Source\os_q.o
 .debug_abbrev  0x000012dd      0x162 ucos_ii\uCOS-II\Source\os_sem.o
 .debug_abbrev  0x0000143f      0x195 ucos_ii\uCOS-II\Source\os_task.o
 .debug_abbrev  0x000015d4      0x120 ucos_ii\uCOS-II\Source\os_time.o
 .debug_abbrev  0x000016f4      0x1ad ucos_ii\uCOS-II\Source\os_tmr.o
 .debug_abbrev  0x000018a1       0xf6 user\led.o
 .debug_abbrev  0x00001997      0x147 user\main.o
 .debug_abbrev  0x00001ade       0x5d user\stm32f10x_it.o

.debug_aranges  0x00000000      0x948
 .debug_aranges
                0x00000000       0x38 cmsis\system_stm32f10x.o
 .debug_aranges
                0x00000038       0xa8 lib\src\stm32f10x_gpio.o
 .debug_aranges
                0x000000e0      0x118 lib\src\stm32f10x_rcc.o
 .debug_aranges
                0x000001f8       0x28 start\startup_stm32f10x_hd.o
 .debug_aranges
                0x00000220       0x58 ucos_ii\uC-CFG\app_hooks.o
 .debug_aranges
                0x00000278       0x20 ucos_ii\uC-CPU\ARM-Cortex-M3\GNU\cpu_a.o
 .debug_aranges
                0x00000298       0x88 ucos_ii\uC-CPU\cpu_core.o
 .debug_aranges
                0x00000320       0xa8 ucos_ii\uC-LIB\lib_mem.o
 .debug_aranges
                0x000003c8       0x20 ucos_ii\uCOS-II\Ports\ARM-Cortex-M3\Generic\GNU\os_cpu_a.o
 .debug_aranges
                0x000003e8       0x80 ucos_ii\uCOS-II\Ports\ARM-Cortex-M3\Generic\GNU\os_cpu_c.o
 .debug_aranges
                0x00000468       0x20 ucos_ii\uCOS-II\Ports\ARM-Cortex-M3\Generic\GNU\os_dbg.o
 .debug_aranges
                0x00000488      0x128 ucos_ii\uCOS-II\Source\os_core.o
 .debug_aranges
                0x000005b0       0x80 ucos_ii\uCOS-II\Source\os_flag.o
 .debug_aranges
                0x00000630       0x50 ucos_ii\uCOS-II\Source\os_mem.o
 .debug_aranges
                0x00000680       0x70 ucos_ii\uCOS-II\Source\os_q.o
 .debug_aranges
                0x000006f0       0x58 ucos_ii\uCOS-II\Source\os_sem.o
 .debug_aranges
                0x00000748       0x98 ucos_ii\uCOS-II\Source\os_task.o
 .debug_aranges
                0x000007e0       0x40 ucos_ii\uCOS-II\Source\os_time.o
 .debug_aranges
                0x00000820       0x90 ucos_ii\uCOS-II\Source\os_tmr.o
 .debug_aranges
                0x000008b0       0x20 user\led.o
 .debug_aranges
                0x000008d0       0x28 user\main.o
 .debug_aranges
                0x000008f8       0x50 user\stm32f10x_it.o

.debug_ranges   0x00000000      0x7d0
 .debug_ranges  0x00000000       0x28 cmsis\system_stm32f10x.o
 .debug_ranges  0x00000028       0x98 lib\src\stm32f10x_gpio.o
 .debug_ranges  0x000000c0      0x108 lib\src\stm32f10x_rcc.o
 .debug_ranges  0x000001c8       0x20 start\startup_stm32f10x_hd.o
 .debug_ranges  0x000001e8       0x48 ucos_ii\uC-CFG\app_hooks.o
 .debug_ranges  0x00000230       0x78 ucos_ii\uC-CPU\cpu_core.o
 .debug_ranges  0x000002a8       0x98 ucos_ii\uC-LIB\lib_mem.o
 .debug_ranges  0x00000340       0x70 ucos_ii\uCOS-II\Ports\ARM-Cortex-M3\Generic\GNU\os_cpu_c.o
 .debug_ranges  0x000003b0       0x10 ucos_ii\uCOS-II\Ports\ARM-Cortex-M3\Generic\GNU\os_dbg.o
 .debug_ranges  0x000003c0      0x118 ucos_ii\uCOS-II\Source\os_core.o
 .debug_ranges  0x000004d8       0x70 ucos_ii\uCOS-II\Source\os_flag.o
 .debug_ranges  0x00000548       0x40 ucos_ii\uCOS-II\Source\os_mem.o
 .debug_ranges  0x00000588       0x60 ucos_ii\uCOS-II\Source\os_q.o
 .debug_ranges  0x000005e8       0x48 ucos_ii\uCOS-II\Source\os_sem.o
 .debug_ranges  0x00000630       0x88 ucos_ii\uCOS-II\Source\os_task.o
 .debug_ranges  0x000006b8       0x30 ucos_ii\uCOS-II\Source\os_time.o
 .debug_ranges  0x000006e8       0x80 ucos_ii\uCOS-II\Source\os_tmr.o
 .debug_ranges  0x00000768       0x10 user\led.o
 .debug_ranges  0x00000778       0x18 user\main.o
 .debug_ranges  0x00000790       0x40 user\stm32f10x_it.o

.debug_macro    0x00000000     0xf47f
 .debug_macro   0x00000000      0x188 cmsis\system_stm32f10x.o
 .debug_macro   0x00000188       0x56 cmsis\system_stm32f10x.o
 .debug_macro   0x000001de       0x22 cmsis\system_stm32f10x.o
 .debug_macro   0x00000200      0x69f cmsis\system_stm32f10x.o
 .debug_macro   0x0000089f     0x7e6d cmsis\system_stm32f10x.o
 .debug_macro   0x0000870c      0x2df cmsis\system_stm32f10x.o
 .debug_macro   0x000089eb      0x144 cmsis\system_stm32f10x.o
 .debug_macro   0x00008b2f      0x3cf cmsis\system_stm32f10x.o
 .debug_macro   0x00008efe       0xc8 cmsis\system_stm32f10x.o
 .debug_macro   0x00008fc6      0x17a cmsis\system_stm32f10x.o
 .debug_macro   0x00009140       0xac cmsis\system_stm32f10x.o
 .debug_macro   0x000091ec      0x3ad cmsis\system_stm32f10x.o
 .debug_macro   0x00009599       0x9a cmsis\system_stm32f10x.o
 .debug_macro   0x00009633      0x2cf cmsis\system_stm32f10x.o
 .debug_macro   0x00009902      0x279 cmsis\system_stm32f10x.o
 .debug_macro   0x00009b7b      0x2ac cmsis\system_stm32f10x.o
 .debug_macro   0x00009e27      0x2b1 cmsis\system_stm32f10x.o
 .debug_macro   0x0000a0d8       0x64 cmsis\system_stm32f10x.o
 .debug_macro   0x0000a13c       0x82 cmsis\system_stm32f10x.o
 .debug_macro   0x0000a1be      0x3e2 cmsis\system_stm32f10x.o
 .debug_macro   0x0000a5a0       0x58 cmsis\system_stm32f10x.o
 .debug_macro   0x0000a5f8      0x341 cmsis\system_stm32f10x.o
 .debug_macro   0x0000a939      0x2c4 cmsis\system_stm32f10x.o
 .debug_macro   0x0000abfd      0x711 cmsis\system_stm32f10x.o
 .debug_macro   0x0000b30e      0x220 cmsis\system_stm32f10x.o
 .debug_macro   0x0000b52e       0x34 cmsis\system_stm32f10x.o
 .debug_macro   0x0000b562       0x8b cmsis\system_stm32f10x.o
 .debug_macro   0x0000b5ed       0x35 cmsis\system_stm32f10x.o
 .debug_macro   0x0000b622      0x1d3 lib\src\stm32f10x_gpio.o
 .debug_macro   0x0000b7f5      0x2a6 lib\src\stm32f10x_gpio.o
 .debug_macro   0x0000ba9b      0x2a1 lib\src\stm32f10x_rcc.o
 .debug_macro   0x0000bd3c      0x3dc lib\src\stm32f10x_rcc.o
 .debug_macro   0x0000c118      0x3a1 ucos_ii\uC-CFG\app_hooks.o
 .debug_macro   0x0000c4b9       0x58 ucos_ii\uC-CFG\app_hooks.o
 .debug_macro   0x0000c511       0x16 ucos_ii\uC-CFG\app_hooks.o
 .debug_macro   0x0000c527       0x97 ucos_ii\uC-CFG\app_hooks.o
 .debug_macro   0x0000c5be       0xfd ucos_ii\uC-CFG\app_hooks.o
 .debug_macro   0x0000c6bb       0x16 ucos_ii\uC-CFG\app_hooks.o
 .debug_macro   0x0000c6d1      0x189 ucos_ii\uC-CFG\app_hooks.o
 .debug_macro   0x0000c85a      0x1e1 ucos_ii\uC-CFG\app_hooks.o
 .debug_macro   0x0000ca3b       0x68 ucos_ii\uC-CFG\app_hooks.o
 .debug_macro   0x0000caa3       0x2f ucos_ii\uC-CFG\app_hooks.o
 .debug_macro   0x0000cad2      0x410 ucos_ii\uC-CFG\app_hooks.o
 .debug_macro   0x0000cee2      0x5dc ucos_ii\uC-CFG\app_hooks.o
 .debug_macro   0x0000d4be      0x5b3 ucos_ii\uC-CFG\app_hooks.o
 .debug_macro   0x0000da71       0x10 ucos_ii\uC-CFG\app_hooks.o
 .debug_macro   0x0000da81       0x30 ucos_ii\uC-CFG\app_hooks.o
 .debug_macro   0x0000dab1      0x1b5 ucos_ii\uC-CFG\app_hooks.o
 .debug_macro   0x0000dc66       0x69 ucos_ii\uC-CFG\app_hooks.o
 .debug_macro   0x0000dccf       0x3c ucos_ii\uC-CFG\app_hooks.o
 .debug_macro   0x0000dd0b       0x26 ucos_ii\uC-CFG\app_hooks.o
 .debug_macro   0x0000dd31       0x10 ucos_ii\uC-CFG\app_hooks.o
 .debug_macro   0x0000dd41       0x5e ucos_ii\uC-CFG\app_hooks.o
 .debug_macro   0x0000dd9f      0x1d5 ucos_ii\uC-CFG\app_hooks.o
 .debug_macro   0x0000df74       0x34 ucos_ii\uC-CFG\app_hooks.o
 .debug_macro   0x0000dfa8      0x409 ucos_ii\uC-CFG\app_hooks.o
 .debug_macro   0x0000e3b1       0x89 ucos_ii\uC-CPU\cpu_core.o
 .debug_macro   0x0000e43a       0x10 ucos_ii\uC-CPU\cpu_core.o
 .debug_macro   0x0000e44a       0x8a ucos_ii\uC-LIB\lib_mem.o
 .debug_macro   0x0000e4d4      0x1b5 ucos_ii\uC-LIB\lib_mem.o
 .debug_macro   0x0000e689       0x7c ucos_ii\uCOS-II\Ports\ARM-Cortex-M3\Generic\GNU\os_cpu_c.o
 .debug_macro   0x0000e705       0x34 ucos_ii\uCOS-II\Ports\ARM-Cortex-M3\Generic\GNU\os_cpu_c.o
 .debug_macro   0x0000e739       0x40 ucos_ii\uCOS-II\Ports\ARM-Cortex-M3\Generic\GNU\os_dbg.o
 .debug_macro   0x0000e779       0x46 ucos_ii\uCOS-II\Source\os_core.o
 .debug_macro   0x0000e7bf      0x409 ucos_ii\uCOS-II\Source\os_core.o
 .debug_macro   0x0000ebc8       0x40 ucos_ii\uCOS-II\Source\os_flag.o
 .debug_macro   0x0000ec08       0x40 ucos_ii\uCOS-II\Source\os_mem.o
 .debug_macro   0x0000ec48       0x40 ucos_ii\uCOS-II\Source\os_q.o
 .debug_macro   0x0000ec88       0x40 ucos_ii\uCOS-II\Source\os_sem.o
 .debug_macro   0x0000ecc8       0x40 ucos_ii\uCOS-II\Source\os_task.o
 .debug_macro   0x0000ed08       0x40 ucos_ii\uCOS-II\Source\os_time.o
 .debug_macro   0x0000ed48       0x4c ucos_ii\uCOS-II\Source\os_tmr.o
 .debug_macro   0x0000ed94      0x18a user\led.o
 .debug_macro   0x0000ef1e       0x10 user\led.o
 .debug_macro   0x0000ef2e      0x3b6 user\main.o
 .debug_macro   0x0000f2e4       0x16 user\main.o
 .debug_macro   0x0000f2fa      0x185 user\stm32f10x_it.o

.debug_line     0x00000000     0x5bae
 .debug_line    0x00000000      0x538 cmsis\system_stm32f10x.o
 .debug_line    0x00000538      0x665 lib\src\stm32f10x_gpio.o
 .debug_line    0x00000b9d      0x761 lib\src\stm32f10x_rcc.o
 .debug_line    0x000012fe       0x7c start\startup_stm32f10x_hd.o
 .debug_line    0x0000137a      0x8e6 ucos_ii\uC-CFG\app_hooks.o
 .debug_line    0x00001c60       0x7b ucos_ii\uC-CPU\ARM-Cortex-M3\GNU\cpu_a.o
 .debug_line    0x00001cdb      0x344 ucos_ii\uC-CPU\cpu_core.o
 .debug_line    0x0000201f      0x713 ucos_ii\uC-LIB\lib_mem.o
 .debug_line    0x00002732       0xbc ucos_ii\uCOS-II\Ports\ARM-Cortex-M3\Generic\GNU\os_cpu_a.o
 .debug_line    0x000027ee      0x29d ucos_ii\uCOS-II\Ports\ARM-Cortex-M3\Generic\GNU\os_cpu_c.o
 .debug_line    0x00002a8b      0x1d9 ucos_ii\uCOS-II\Ports\ARM-Cortex-M3\Generic\GNU\os_dbg.o
 .debug_line    0x00002c64      0x685 ucos_ii\uCOS-II\Source\os_core.o
 .debug_line    0x000032e9      0x405 ucos_ii\uCOS-II\Source\os_flag.o
 .debug_line    0x000036ee      0x27e ucos_ii\uCOS-II\Source\os_mem.o
 .debug_line    0x0000396c      0x37b ucos_ii\uCOS-II\Source\os_q.o
 .debug_line    0x00003ce7      0x2c3 ucos_ii\uCOS-II\Source\os_sem.o
 .debug_line    0x00003faa      0x3f4 ucos_ii\uCOS-II\Source\os_task.o
 .debug_line    0x0000439e      0x20d ucos_ii\uCOS-II\Source\os_time.o
 .debug_line    0x000045ab      0x3ce ucos_ii\uCOS-II\Source\os_tmr.o
 .debug_line    0x00004979      0x489 user\led.o
 .debug_line    0x00004e02      0x8a0 user\main.o
 .debug_line    0x000056a2      0x50c user\stm32f10x_it.o

.debug_str      0x00000000    0x5ec5c
 .debug_str     0x00000000    0x4cd6d cmsis\system_stm32f10x.o
                              0x4cf00 (size before relaxing)
 .debug_str     0x0004cd6d      0x5da lib\src\stm32f10x_gpio.o
                              0x4d34d (size before relaxing)
 .debug_str     0x0004d347      0xae2 lib\src\stm32f10x_rcc.o
                              0x4d933 (size before relaxing)
 .debug_str     0x0004de29     0xee23 ucos_ii\uC-CFG\app_hooks.o
                              0x5bc42 (size before relaxing)
 .debug_str     0x0005cc4c      0x23a ucos_ii\uC-CPU\cpu_core.o
                               0xb571 (size before relaxing)
 .debug_str     0x0005ce86      0x830 ucos_ii\uC-LIB\lib_mem.o
                               0xbc07 (size before relaxing)
 .debug_str     0x0005d6b6      0x389 ucos_ii\uCOS-II\Ports\ARM-Cortex-M3\Generic\GNU\os_cpu_c.o
                               0x425b (size before relaxing)
 .debug_str     0x0005da3f      0x663 ucos_ii\uCOS-II\Ports\ARM-Cortex-M3\Generic\GNU\os_dbg.o
                               0x454b (size before relaxing)
 .debug_str     0x0005e0a2      0x327 ucos_ii\uCOS-II\Source\os_core.o
                               0x45af (size before relaxing)
 .debug_str     0x0005e3c9      0x152 ucos_ii\uCOS-II\Source\os_flag.o
                               0x4115 (size before relaxing)
 .debug_str     0x0005e51b       0xe7 ucos_ii\uCOS-II\Source\os_mem.o
                               0x3e08 (size before relaxing)
 .debug_str     0x0005e602       0xcf ucos_ii\uCOS-II\Source\os_q.o
                               0x4098 (size before relaxing)
 .debug_str     0x0005e6d1       0xa4 ucos_ii\uCOS-II\Source\os_sem.o
                               0x4019 (size before relaxing)
 .debug_str     0x0005e775      0x15f ucos_ii\uCOS-II\Source\os_task.o
                               0x416e (size before relaxing)
 .debug_str     0x0005e8d4       0x7c ucos_ii\uCOS-II\Source\os_time.o
                               0x3fc4 (size before relaxing)
 .debug_str     0x0005e950      0x154 ucos_ii\uCOS-II\Source\os_tmr.o
                               0x41a9 (size before relaxing)
 .debug_str     0x0005eaa4       0xa5 user\led.o
                              0x4cf32 (size before relaxing)
 .debug_str     0x0005eb49       0x79 user\main.o
                              0x5bb23 (size before relaxing)
 .debug_str     0x0005ebc2       0x9a user\stm32f10x_it.o
                              0x4cdd3 (size before relaxing)

.comment        0x00000000       0x6e
 .comment       0x00000000       0x6e cmsis\system_stm32f10x.o
                                 0x6f (size before relaxing)
 .comment       0x0000006e       0x6f lib\src\stm32f10x_gpio.o
 .comment       0x0000006e       0x6f lib\src\stm32f10x_rcc.o
 .comment       0x0000006e       0x6f ucos_ii\uC-CFG\app_hooks.o
 .comment       0x0000006e       0x6f ucos_ii\uC-CPU\cpu_core.o
 .comment       0x0000006e       0x6f ucos_ii\uC-LIB\lib_mem.o
 .comment       0x0000006e       0x6f ucos_ii\uCOS-II\Ports\ARM-Cortex-M3\Generic\GNU\os_cpu_c.o
 .comment       0x0000006e       0x6f ucos_ii\uCOS-II\Ports\ARM-Cortex-M3\Generic\GNU\os_dbg.o
 .comment       0x0000006e       0x6f ucos_ii\uCOS-II\Source\os_core.o
 .comment       0x0000006e       0x6f ucos_ii\uCOS-II\Source\os_flag.o
 .comment       0x0000006e       0x6f ucos_ii\uCOS-II\Source\os_mem.o
 .comment       0x0000006e       0x6f ucos_ii\uCOS-II\Source\os_q.o
 .comment       0x0000006e       0x6f ucos_ii\uCOS-II\Source\os_sem.o
 .comment       0x0000006e       0x6f ucos_ii\uCOS-II\Source\os_task.o
 .comment       0x0000006e       0x6f ucos_ii\uCOS-II\Source\os_time.o
 .comment       0x0000006e       0x6f ucos_ii\uCOS-II\Source\os_tmr.o
 .comment       0x0000006e       0x6f user\led.o
 .comment       0x0000006e       0x6f user\main.o
 .comment       0x0000006e       0x6f user\stm32f10x_it.o

.debug_frame    0x00000000     0x21c4
 .debug_frame   0x00000000       0x98 cmsis\system_stm32f10x.o
 .debug_frame   0x00000098      0x2d0 lib\src\stm32f10x_gpio.o
 .debug_frame   0x00000368      0x4f4 lib\src\stm32f10x_rcc.o
 .debug_frame   0x0000085c      0x130 ucos_ii\uC-CFG\app_hooks.o
 .debug_frame   0x0000098c      0x208 ucos_ii\uC-CPU\cpu_core.o
 .debug_frame   0x00000b94      0x2b4 ucos_ii\uC-LIB\lib_mem.o
 .debug_frame   0x00000e48      0x1cc ucos_ii\uCOS-II\Ports\ARM-Cortex-M3\Generic\GNU\os_cpu_c.o
 .debug_frame   0x00001014       0x38 ucos_ii\uCOS-II\Ports\ARM-Cortex-M3\Generic\GNU\os_dbg.o
 .debug_frame   0x0000104c      0x4dc ucos_ii\uCOS-II\Source\os_core.o
 .debug_frame   0x00001528      0x1f0 ucos_ii\uCOS-II\Source\os_flag.o
 .debug_frame   0x00001718      0x10c ucos_ii\uCOS-II\Source\os_mem.o
 .debug_frame   0x00001824      0x19c ucos_ii\uCOS-II\Source\os_q.o
 .debug_frame   0x000019c0      0x130 ucos_ii\uCOS-II\Source\os_sem.o
 .debug_frame   0x00001af0      0x258 ucos_ii\uCOS-II\Source\os_task.o
 .debug_frame   0x00001d48       0xc8 ucos_ii\uCOS-II\Source\os_time.o
 .debug_frame   0x00001e10      0x238 ucos_ii\uCOS-II\Source\os_tmr.o
 .debug_frame   0x00002048       0x34 user\led.o
 .debug_frame   0x0000207c       0x4c user\main.o
 .debug_frame   0x000020c8       0xd0 user\stm32f10x_it.o
 .debug_frame   0x00002198       0x2c d:/program files (x86)/gnu tools arm embedded/5.4 2016q2/bin/../lib/gcc/arm-none-eabi/5.4.1/../../../../arm-none-eabi/lib/armv7-m\libg_nano.a(lib_a-init.o)
